> make test
gcc -Wall -g -o TM2xHd_test TM2x.o TM2xHd_test.c
./TM2x_test && ./TM2xHd_test
TM2x_test results:  passed: 50, failed: 0
 100 101 102 103 104 105 106 107 108 109 110
TM2xHd_test results:  passed: 12, failed: 0
